[vsportfolio.com.br/index.html]
[backblue.gif]
[fade.gif]
[index.html]
[vsportfolio.com.br/css/style.css]
[unpkg.com/boxicons@2.1.4/css/boxicons.min.css]
[vsportfolio.com.br/favicon/favicon.ico]
[vsportfolio.com.br/img/fff.jpg]
[vsportfolio.com.br/img/itau.png]
[vsportfolio.com.br/img/abs.png]
[vsportfolio.com.br/img/bradesco-seguros.png]
[vsportfolio.com.br/img/portfolio8.png]
[vsportfolio.com.br/img/portfolio7.png]
[vsportfolio.com.br/img/twitter 2.png]
[vsportfolio.com.br/img/EAD.png]
[vsportfolio.com.br/img/S3.jpg]
[vsportfolio.com.br/img/lambda.jpg]
[vsportfolio.com.br/img/Chat twitter.png]
[vsportfolio.com.br/img/Notifications twitter.png]
[vsportfolio.com.br/img/strategy.jpg]
[vsportfolio.com.br/img/singleton].jpg]
[vsportfolio.com.br/img/rekogniton.jpg]
[vsportfolio.com.br/img/portfolio11.png]
[vsportfolio.com.br/img/kafka.jpg]
[vsportfolio.com.br/img/portfolio5.png]
[vsportfolio.com.br/img/portfolio4.png]
[vsportfolio.com.br/js/script.js]
[vsportfolio.com.br/index.html]
[vsportfolio.com.br/img/background.jpg]
[vsportfolio.com.br/css/style.css]
[unpkg.com/boxicons@2.1.4/css/boxicons.min.css]
